{"tier": "development operator qualification; not standard-compliant", "baseline": "image0.1.12.3 unmodified _spec_decode_varlen_fwd", "candidate": "opt-in grouped q5*GQA6, FP16 DPAS/FP32 accum, Split-K", "test_process": {"boundary": "flash_attn_varlen_func through installed helper", "correctness": "boundary lengths, HND strides, permuted pages, nonunit descales", "graphs": "in-place Q, used lengths, page table, candidate cumulative lengths", "timing": "64K live65541 paired alternating graphs; warm3; measured12", "cleanup": "process exit releases graph/tensor owners; lead removes disposable container", "evidence": "/output/grouped-split-k.json"}}
[B70_GROUPED_SPLIT_K] installed opt-in pre-expansion helper splits=16 stages=1
[B70_GROUPED_SPLIT_K] eligible pre-expansion q5 C1 dispatch splits=16 stages=1
split16-stage1/length5-nhd: passed
split16-stage1/length5-hnd: passed
split16-stage1/length0-hnd: passed
split16-stage1/length1-hnd: passed
split16-stage1/length4-hnd: passed
split16-stage1/length1663-hnd: passed
split16-stage1/length1664-hnd: passed
split16-stage1/length1665-hnd: passed
split16-stage1/length65541-hnd: passed
split16-stage1/causal-1665: passed
split16-stage1/causal-65541: passed
split16-stage1/dummy-safety: passed
split16-stage1/fallback-and-fail-loud: passed
split16-stage1/graph-mutation-native: passed
split16-stage1/graph-mutation-candidate: passed
split16-stage1/paired-graph-timing: passed
[B70_GROUPED_SPLIT_K] installed opt-in pre-expansion helper splits=32 stages=1
[B70_GROUPED_SPLIT_K] eligible pre-expansion q5 C1 dispatch splits=32 stages=1
split32-stage1/length5-nhd: passed
split32-stage1/length5-hnd: passed
split32-stage1/length0-hnd: passed
split32-stage1/length1-hnd: passed
split32-stage1/length4-hnd: passed
split32-stage1/length1663-hnd: passed
split32-stage1/length1664-hnd: passed
split32-stage1/length1665-hnd: passed
split32-stage1/length65541-hnd: passed
split32-stage1/causal-1665: passed
split32-stage1/causal-65541: passed
split32-stage1/dummy-safety: passed
split32-stage1/fallback-and-fail-loud: passed
split32-stage1/graph-mutation-native: passed
split32-stage1/graph-mutation-candidate: passed
split32-stage1/paired-graph-timing: passed
passed: /output/grouped-split-k.json
