SERVER_START=parity-stock4
SERVER_READY=parity-stock4
STEP=parity-stock4-train RETURN=0
STEP=parity-stock4-dev RETURN=0
STEP=parity-stock4-check RETURN=1
SERVER_START=parity-stock8
SERVER_READY=parity-stock8
STEP=parity-stock8-train RETURN=0
STEP=parity-stock8-dev RETURN=0
STEP=parity-stock8-check RETURN=1
STEP=verifier-histories RETURN=0
SERVER_START=prefill-compiled-off
SERVER_READY=prefill-compiled-off
SERVER_START=prefill-compiled-on
SERVER_READY=prefill-compiled-on
SERVER_START=prefill-eager-off
SERVER_READY=prefill-eager-off
SERVER_START=prefill-eager-on
SERVER_READY=prefill-eager-on
STEP=hf-full-cached RETURN=1
PAIRED_FIDELITY_SUMMARY={"hf_full_cached": {"histories": 60, "rows": 240, "numeric_fail_histories": 14, "argmax_disagree_rows": 0, "max_relative_l2": 0.07309992611408234, "numeric_passed": false, "argmax_passed": true}, "hf_full_compiled": {"histories": 60, "rows": 240, "numeric_fail_histories": 27, "argmax_disagree_rows": 0, "max_relative_l2": 0.16495993733406067, "numeric_passed": false, "argmax_passed": true}, "hf_full_eager": {"histories": 60, "rows": 240, "numeric_fail_histories": 25, "argmax_disagree_rows": 1, "max_relative_l2": 0.08305284380912781, "numeric_passed": false, "argmax_passed": false}, "hf_cached_compiled": {"histories": 60, "rows": 240, "numeric_fail_histories": 26, "argmax_disagree_rows": 0, "max_relative_l2": 0.1279141753911972, "numeric_passed": false, "argmax_passed": true}, "hf_cached_eager": {"histories": 60, "rows": 240, "numeric_fail_histories": 24, "argmax_disagree_rows": 1, "max_relative_l2": 0.12341009825468063, "numeric_passed": false, "argmax_passed": false}, "native_compiled_eager": {"histories": 60, "rows": 240, "numeric_fail_histories": 24, "argmax_disagree_rows": 1, "max_relative_l2": 0.1541319638490677, "numeric_passed": false, "argmax_passed": false}, "native_compiled_verifier": {"histories": 12, "rows": 48, "numeric_fail_histories": 8, "argmax_disagree_rows": 1, "max_relative_l2": 0.0726725235581398, "numeric_passed": false, "argmax_passed": false}, "native_eager_verifier": {"histories": 12, "rows": 48, "numeric_fail_histories": 3, "argmax_disagree_rows": 0, "max_relative_l2": 0.05923881754279137, "numeric_passed": false, "argmax_passed": true}, "hf_full_verifier": {"histories": 12, "rows": 48, "numeric_fail_histories": 8, "argmax_disagree_rows": 1, "max_relative_l2": 0.06624375283718109, "numeric_passed": false, "argmax_passed": false}, "hf_cached_verifier": {"histories": 12, "rows": 48, "numeric_fail_histories": 8, "argmax_disagree_rows": 1, "max_relative_l2": 0.07356864213943481, "numeric_passed": false, "argmax_passed": false}}
