{
  "counts": {
    "capture_replays_skipped": 0,
    "graph_events_emitted": 5,
    "graph_replays_dropped_at_bound": 0,
    "graph_replays_seen": 5,
    "host_scopes_emitted": 0
  },
  "errors": [],
  "events": [
    {
      "caller_stack": [
        {
          "class": "TimingOverlay",
          "function": "_replay",
          "line": 360,
          "module": "qwen38_step_timing_overlay"
        },
        {
          "class": null,
          "function": "replay",
          "line": 222,
          "module": "qwen38_step_timing_overlay"
        },
        {
          "class": null,
          "function": "<module>",
          "line": 12,
          "module": "__main__"
        }
      ],
      "classification_reason": "unclassified graph manager provenance",
      "descriptor": null,
      "descriptor_fields": null,
      "duration_ms": 0.10192699999999999,
      "event_error": null,
      "graph_id": "0x7f82bbf92bd0",
      "graph_type": "torch.xpu.graphs.XPUGraph",
      "host_elapsed_ns": 314346,
      "index": 0,
      "kind": "graph_replay",
      "manager_type": null,
      "role": "unknown",
      "stage": "unknown_graph"
    },
    {
      "caller_stack": [
        {
          "class": "TimingOverlay",
          "function": "_replay",
          "line": 360,
          "module": "qwen38_step_timing_overlay"
        },
        {
          "class": null,
          "function": "replay",
          "line": 222,
          "module": "qwen38_step_timing_overlay"
        },
        {
          "class": null,
          "function": "<module>",
          "line": 12,
          "module": "__main__"
        }
      ],
      "classification_reason": "unclassified graph manager provenance",
      "descriptor": null,
      "descriptor_fields": null,
      "duration_ms": 0.29474,
      "event_error": null,
      "graph_id": "0x7f82bbf92bd0",
      "graph_type": "torch.xpu.graphs.XPUGraph",
      "host_elapsed_ns": 272116,
      "index": 1,
      "kind": "graph_replay",
      "manager_type": null,
      "role": "unknown",
      "stage": "unknown_graph"
    },
    {
      "caller_stack": [
        {
          "class": "TimingOverlay",
          "function": "_replay",
          "line": 360,
          "module": "qwen38_step_timing_overlay"
        },
        {
          "class": null,
          "function": "replay",
          "line": 222,
          "module": "qwen38_step_timing_overlay"
        },
        {
          "class": null,
          "function": "<module>",
          "line": 12,
          "module": "__main__"
        }
      ],
      "classification_reason": "unclassified graph manager provenance",
      "descriptor": null,
      "descriptor_fields": null,
      "duration_ms": 0.345885,
      "event_error": null,
      "graph_id": "0x7f82bbf92bd0",
      "graph_type": "torch.xpu.graphs.XPUGraph",
      "host_elapsed_ns": 351878,
      "index": 2,
      "kind": "graph_replay",
      "manager_type": null,
      "role": "unknown",
      "stage": "unknown_graph"
    },
    {
      "caller_stack": [
        {
          "class": "TimingOverlay",
          "function": "_replay",
          "line": 360,
          "module": "qwen38_step_timing_overlay"
        },
        {
          "class": null,
          "function": "replay",
          "line": 222,
          "module": "qwen38_step_timing_overlay"
        },
        {
          "class": null,
          "function": "<module>",
          "line": 12,
          "module": "__main__"
        }
      ],
      "classification_reason": "unclassified graph manager provenance",
      "descriptor": null,
      "descriptor_fields": null,
      "duration_ms": 0.322084,
      "event_error": null,
      "graph_id": "0x7f82bbf92bd0",
      "graph_type": "torch.xpu.graphs.XPUGraph",
      "host_elapsed_ns": 316547,
      "index": 3,
      "kind": "graph_replay",
      "manager_type": null,
      "role": "unknown",
      "stage": "unknown_graph"
    },
    {
      "caller_stack": [
        {
          "class": "TimingOverlay",
          "function": "_replay",
          "line": 360,
          "module": "qwen38_step_timing_overlay"
        },
        {
          "class": null,
          "function": "replay",
          "line": 222,
          "module": "qwen38_step_timing_overlay"
        },
        {
          "class": null,
          "function": "<module>",
          "line": 12,
          "module": "__main__"
        }
      ],
      "classification_reason": "unclassified graph manager provenance",
      "descriptor": null,
      "descriptor_fields": null,
      "duration_ms": 0.328489,
      "event_error": null,
      "graph_id": "0x7f82bbf92bd0",
      "graph_type": "torch.xpu.graphs.XPUGraph",
      "host_elapsed_ns": 320716,
      "index": 4,
      "kind": "graph_replay",
      "manager_type": null,
      "role": "unknown",
      "stage": "unknown_graph"
    }
  ],
  "format": "b70-step-timing-overlay-v1",
  "host_scopes": [],
  "session": {
    "concurrency_caveat": "event duration is on the current stream around XPUGraph.replay; it is not kernel-profiler isolation or a concurrent-stream attribution",
    "duration_unit": "milliseconds",
    "graph_only": true,
    "host_elapsed_unit": "nanoseconds",
    "kind": "support",
    "local_rank": "0",
    "max_samples": 32,
    "native_profiler_separate": true,
    "prefill_policy": "capture-time replays are skipped; eager/non-graph prefill is not measured",
    "profile_prefix": null,
    "rank": "0",
    "started_unix_ns": 1789153341111094266,
    "stop_reason": "support_complete",
    "stopped_unix_ns": 1789153341113017926,
    "throughput_comparison": "this overlay adds timing overhead; compare throughput only with a separate unprofiled cell",
    "timing_source": "torch.xpu.Event(enable_timing=True)"
  }
}
