CURRENT BOOT HARDWARE RECORDS
Oct 08 22:09:30 cachyos kernel: x86/amd: Previous system reset reason [0x08000800]: an uncorrected error caused a data fabric sync flood event
Oct 08 22:09:30 cachyos kernel: [Hardware Error]: System Fatal error.
Oct 08 22:09:30 cachyos kernel: [Hardware Error]: CPU:1 (19:21:2) MC5_STATUS[-|UE|MiscV|-|PCC|TCC|SyndV|-|-|-]: 0xbaa0000000090150
Oct 08 22:09:30 cachyos kernel: [Hardware Error]: IPID: 0x000500b000000000, Syndrome: 0x000000004d000008
Oct 08 22:09:30 cachyos kernel: [Hardware Error]: Execution Unit Ext. Error Code: 9
Oct 08 22:09:30 cachyos kernel: [Hardware Error]: cache level: RESV, tx: INSN, mem-tx: IRD

HISTORICAL BOOT -1 HARDWARE RECORDS
Oct 05 22:51:17 cachyos kernel: x86/amd: Previous system reset reason [0x08000800]: an uncorrected error caused a data fabric sync flood event
Oct 05 22:51:17 cachyos kernel: [Hardware Error]: System Fatal error.
Oct 05 22:51:17 cachyos kernel: [Hardware Error]: CPU:1 (19:21:2) MC5_STATUS[-|UE|MiscV|-|PCC|TCC|SyndV|-|-|-]: 0xbaa0000000090150
Oct 05 22:51:17 cachyos kernel: [Hardware Error]: IPID: 0x000500b000000000, Syndrome: 0x000000004d000008
Oct 05 22:51:17 cachyos kernel: [Hardware Error]: Execution Unit Ext. Error Code: 9
Oct 05 22:51:17 cachyos kernel: [Hardware Error]: cache level: RESV, tx: INSN, mem-tx: IRD

HISTORICAL BOOT -2 HARDWARE RECORDS
Oct 05 03:55:57 cachyos kernel: x86/amd: Previous system reset reason [0x08000800]: an uncorrected error caused a data fabric sync flood event
Oct 05 03:55:57 cachyos kernel: [Hardware Error]: System Fatal error.
Oct 05 03:55:57 cachyos kernel: [Hardware Error]: CPU:1 (19:21:2) MC5_STATUS[-|UE|MiscV|-|PCC|TCC|SyndV|-|-|-]: 0xbaa0000000040150
Oct 05 03:55:57 cachyos kernel: [Hardware Error]: IPID: 0x000500b000000000, Syndrome: 0x000000004d000008
Oct 05 03:55:57 cachyos kernel: [Hardware Error]: Execution Unit Ext. Error Code: 4
Oct 05 03:55:57 cachyos kernel: [Hardware Error]: cache level: RESV, tx: INSN, mem-tx: IRD

CPU IDENTITY
vendor_id	: AuthenticAMD
cpu family	: 25
model		: 33
model name	: AMD Ryzen 7 5800XT 8-Core Processor
stepping	: 2
microcode	: 0xa201213

BOARD AND BIOS
board_vendor=Gigabyte Technology Co., Ltd.
board_name=X570 I AORUS PRO WIFI
bios_vendor=American Megatrends International, LLC.
bios_version=F39
bios_date=10/28/2025

EXISTING CRASH RECORDS
-- No entries --
No coredumps found.

PANIC SETTINGS
panic=0
panic_on_oops=0
panic_on_warn=0

BOOT ID MAPPING
Collection note: the later boot-ID query timed out after20s without host output.
Subsequent read-only connectivity checks (client-side observations):
- Standard SSH: exit255, server not responding.
- Fresh SSH without connection multiplexing: exit255, server not responding.
- Tailscale status: Online=true, Active=true; last handshake2026-10-08T23:12:57.610189475-04:00.
- Direct LAN SSH to192.168.8.172:22 with strict host-key checking: exit255, connection timed out.
These do not establish a further reboot, a frozen machine or a specific network fault.
No inference, tracer, stress test, service restart, firmware or setting change was performed.
